exports[`POST method tests > POST create resources > should be able to create resources,200 OK #0`] =
{
  "body": "Zihifew ziknupsat vibnu fuimaw jaic lazilu upu vadzoz vadip jejlat asaido jatam sis homtepiv po weahza mifukaabu hunkiral. Borliwlut boz be tiunizab pinzaja edi uddew powta jogiz getij udnaz zaine icekivku aware kuga ibepzu. Vekog zogwiwpeh gipporit zutbovci cisaslu illa hasfi mobadiwo ce maethir godli unla mircak uljevpu. Uho geola cet mihiefa zuenu vog watucnig rufruj av bidwi hu rugi wehjoru jidki gesge ju hubuotu.",
  "id": 101,
  "title": "dal",
  "userId": 8009
};
